
ff: parsing domain file
domain 'DEPOT' defined
 ... done.
ff: parsing problem file
problem 'DEPOTPROB7512' defined
 ... done.


warning: numeric precondition. turning cost-minimizing relaxed plans OFF.

ff: search configuration is Enforced Hill-Climbing, then A*epsilon with weight 5.
Metric is ((1.00*[RF0](FUEL-COST)) - () + 0.00)
COST MINIMIZATION DONE (WITHOUT cost-minimizing relaxed plans).

Cueing down from goal distance:   18 into depth [1][2]
                                  16            [1][2]
                                  15            [1]
                                  14            [1][2][3]
                                  11            [1]
                                  10            [1]
                                   9            [1]
                                   8            [1]
                                   7            [1]
                                   6            [1]
                                   5            [1]
                                   4            [1]
                                   3            [1]
                                   2            [1]
                                   1            [1]
                                   0            

ff: found legal plan as follows
step    0: DRIVE TRUCK0 DEPOT0 DISTRIBUTOR0
        1: LIFT HOIST1 CRATE3 PALLET1 DISTRIBUTOR0
        2: LIFT HOIST0 CRATE0 PALLET0 DEPOT0
        3: LOAD HOIST0 CRATE0 TRUCK1 DEPOT0
        4: DRIVE TRUCK1 DEPOT0 DISTRIBUTOR1
        5: DRIVE TRUCK0 DISTRIBUTOR0 DISTRIBUTOR1
        6: LIFT HOIST2 CRATE2 CRATE1 DISTRIBUTOR1
        7: LOAD HOIST2 CRATE2 TRUCK1 DISTRIBUTOR1
        8: LIFT HOIST2 CRATE1 PALLET2 DISTRIBUTOR1
        9: LOAD HOIST2 CRATE1 TRUCK1 DISTRIBUTOR1
       10: DROP HOIST1 CRATE3 PALLET1 DISTRIBUTOR0
       11: UNLOAD HOIST2 CRATE0 TRUCK1 DISTRIBUTOR1
       12: DRIVE TRUCK1 DISTRIBUTOR1 DISTRIBUTOR0
       13: UNLOAD HOIST1 CRATE1 TRUCK1 DISTRIBUTOR0
       14: DRIVE TRUCK1 DISTRIBUTOR0 DEPOT0
       15: UNLOAD HOIST0 CRATE2 TRUCK1 DEPOT0
       16: DROP HOIST2 CRATE0 PALLET2 DISTRIBUTOR1
       17: DROP HOIST1 CRATE1 CRATE3 DISTRIBUTOR0
       18: DROP HOIST0 CRATE2 PALLET0 DEPOT0
plan cost: 54.000000

time spent:    0.00 seconds instantiating 666 easy, 0 hard action templates
               0.00 seconds reachability analysis, yielding 82 facts and 210 actions
               0.00 seconds creating final representation with 76 relevant facts, 5 relevant fluents
               0.00 seconds computing LNF
               0.00 seconds building connectivity graph
               0.00 seconds searching, evaluating 68 states, to a max depth of 3
               0.00 seconds total time

